Checking 202 collections...
  [0/202] rugdollz-3d
  [10/202] 3dns-powered-domains
  [20/202] 3dbears
  [30/202] anaglyph-3d-skulls
  [40/202] baby-doge-3d
  [50/202] first-base-3d-pfp
  [60/202] the-other-avatars-by-saatchi-art
  [70/202] cool-cats-avatar-wearables
  [80/202] om-nom-avatars
  [90/202] 5-boro-bodega-x-reddit-collectible-avatars
  [100/202] the-minds-eyes-x-reddit-collectible-avatars
  [110/202] uxn-grifters-by-0xsh
  [120/202] grifter-shady-298382739
  [130/202] meebits-futbol-legends
  [140/202] metaverse-hq
  [150/202] the-soldiers-of-the-metaverse
  [160/202] the-mars-martians
  [170/202] blueworld-v1
  [180/202] mintverse-virtual-metaverse
  [190/202] viper-486
  ✓ VRM: vipe-heroes (VIPE Heroes) — _url=ipfs://Qmcdv4EWEEtic4riWACydo9UHiKruuRF48AAWaKqormuHo/default_2779.vrm
  [200/202] dripp-by-3dwizz-x-reddit-collectible-avatars

Done. VRM: 1, mentions: 0, no_vrm: 200, error: 1
